../Core/Src/main.c:176:6:MAX31865_WriteRegister	24	static
../Core/Src/main.c:183:9:MAX31865_ReadRegister	24	static
../Core/Src/main.c:189:6:MAX31865_Init	16	static
../Core/Src/main.c:202:7:MAX31865_ReadTemperature	24	static
../Core/Src/main.c:216:7:MAX31865_TemperatureConversion	56	static
../Core/Src/main.c:246:9:MAX31865_ReadFault	8	static
../Core/Src/main.c:250:6:PrintTemperature	72	static
../Core/Src/main.c:256:6:HandleMAX31865Faults	16	static
../Core/Src/main.c:286:6:SPI_Init	4	static
../Core/Src/main.c:332:6:CS_Low	4	static
../Core/Src/main.c:337:6:CS_High	4	static
../Core/Src/main.c:348:5:main	16	static
../Core/Src/main.c:399:6:SystemClock_Config	96	static
../Core/Src/main.c:449:13:MX_SPI1_Init	8	static
../Core/Src/main.c:489:13:MX_USART2_UART_Init	8	static
../Core/Src/main.c:524:13:MX_GPIO_Init	48	static
../Core/Src/main.c:554:6:Error_Handler	4	static,ignoring_inline_asm
