../Core/Src/main.c:83:6:HAL_SAI_RxHalfCpltCallback	16	static
../Core/Src/main.c:90:6:HAL_SAI_RxCpltCallback	16	static
../Core/Src/main.c:127:6:processData	8	static
../Core/Src/main.c:136:5:main	16	static
../Core/Src/main.c:217:6:SystemClock_Config	96	static
../Core/Src/main.c:267:13:MX_ADC1_Init	48	static
../Core/Src/main.c:334:13:MX_SAI2_Init	8	static
../Core/Src/main.c:369:13:MX_TIM2_Init	64	static
../Core/Src/main.c:427:13:MX_USART2_UART_Init	8	static
../Core/Src/main.c:460:13:MX_DMA_Init	16	static
../Core/Src/main.c:481:13:MX_GPIO_Init	48	static
../Core/Src/main.c:531:6:Error_Handler	4	static,ignoring_inline_asm
