../Core/Src/main.c:43:5:main	8	static
../Core/Src/main.c:90:6:ADC1_2_IRQHandler	4	static
../Core/Src/main.c:111:6:USART_Print	24	static
../Core/Src/main.c:119:6:USART_SendNumber	40	static
../Core/Src/main.c:143:6:Process_ADC_Values	24	static
../Core/Src/main.c:168:6:ApplyCalibration	24	static
../Core/Src/main.c:178:6:Start_ADC_Conversion	4	static
../Core/Src/main.c:182:6:ADC_init	16	static,ignoring_inline_asm
../Core/Src/main.c:232:6:UART_init	4	static,ignoring_inline_asm
../Core/Src/main.c:258:6:SystemClock_Config	96	static
../Core/Src/main.c:291:6:Error_Handler	4	static,ignoring_inline_asm
