../Core/Src/main.c:30:5:main	8	static
../Core/Src/main.c:64:6:ADC1_2_IRQHandler	4	static
../Core/Src/main.c:73:6:USART_Print	24	static
../Core/Src/main.c:81:6:USART_SendNumber	40	static
../Core/Src/main.c:105:6:Process_ADC_Values	24	static
../Core/Src/main.c:130:6:ApplyCalibration	24	static
../Core/Src/main.c:140:6:Start_ADC_Conversion	4	static
../Core/Src/main.c:144:6:ADC_init	16	static,ignoring_inline_asm
../Core/Src/main.c:194:6:UART_init	4	static,ignoring_inline_asm
../Core/Src/main.c:220:6:SystemClock_Config	96	static
../Core/Src/main.c:253:6:Error_Handler	4	static,ignoring_inline_asm
