../Core/Src/main.c:29:5:main	8	static
../Core/Src/main.c:63:6:ADC1_2_IRQHandler	4	static
../Core/Src/main.c:72:6:USART_Print	24	static
../Core/Src/main.c:80:6:USART_SendNumber	40	static
../Core/Src/main.c:104:6:Process_ADC_Values	24	static
../Core/Src/main.c:129:6:ApplyCalibration	24	static
../Core/Src/main.c:139:6:Start_ADC_Conversion	4	static
../Core/Src/main.c:143:6:ADC_init	16	static,ignoring_inline_asm
../Core/Src/main.c:193:6:UART_init	4	static,ignoring_inline_asm
../Core/Src/main.c:219:6:SystemClock_Config	96	static
../Core/Src/main.c:252:6:Error_Handler	4	static,ignoring_inline_asm
