../Core/Src/main.c:86:6:HAL_SAI_RxCpltCallback	16	static
../Core/Src/main.c:96:6:HAL_SAI_RxHalfCpltCallback	16	static
../Core/Src/main.c:101:6:ProcessAudioData	88	static
../Core/Src/main.c:128:6:DebugPrint	144	static
../Core/Src/main.c:138:6:TransmitDataOverUART	16	static
../Core/Src/main.c:143:6:PrintBufferContents	32	static
../Core/Src/main.c:153:6:HAL_SAI_ErrorCallback	24	static
../Core/Src/main.c:158:6:PrintDMAandSAIState	24	static
../Core/Src/main.c:169:6:DAC_write	24	static
../Core/Src/main.c:176:6:HAL_GPIO_EXTI_Callback	16	static
../Core/Src/main.c:195:5:main	8	static
../Core/Src/main.c:249:6:SystemClock_Config	96	static
../Core/Src/main.c:310:13:MX_SAI2_Init	8	static
../Core/Src/main.c:375:13:MX_SPI1_Init	8	static
../Core/Src/main.c:415:13:MX_USART2_UART_Init	8	static
../Core/Src/main.c:448:13:MX_DMA_Init	16	static
../Core/Src/main.c:469:13:MX_GPIO_Init	48	static
../Core/Src/main.c:499:6:Error_Handler	4	static,ignoring_inline_asm
