../Core/Src/main.c:83:6:HAL_SAI_RxCpltCallback	16	static
../Core/Src/main.c:93:6:HAL_SAI_RxHalfCpltCallback	16	static
../Core/Src/main.c:98:6:ProcessAudioData	88	static
../Core/Src/main.c:121:6:DebugPrint	144	static
../Core/Src/main.c:131:6:TransmitDataOverUART	16	static
../Core/Src/main.c:136:6:PrintBufferContents	32	static
../Core/Src/main.c:146:6:HAL_SAI_ErrorCallback	24	static
../Core/Src/main.c:151:6:PrintDMAandSAIState	24	static
../Core/Src/main.c:168:5:main	8	static
../Core/Src/main.c:220:6:SystemClock_Config	96	static
../Core/Src/main.c:281:13:MX_DAC1_Init	48	static
../Core/Src/main.c:324:13:MX_SAI2_Init	8	static
../Core/Src/main.c:374:13:MX_USART2_UART_Init	8	static
../Core/Src/main.c:407:13:MX_DMA_Init	16	static
../Core/Src/main.c:428:13:MX_GPIO_Init	48	static
../Core/Src/main.c:468:6:Error_Handler	4	static,ignoring_inline_asm
