../Core/Src/main.c:79:6:MAX31865_WriteRegister	24	static
../Core/Src/main.c:86:9:MAX31865_ReadRegister	24	static
../Core/Src/main.c:107:6:MAX31865_Init	16	static
../Core/Src/main.c:120:7:MAX31865_ReadTemperature	24	static
../Core/Src/main.c:134:7:MAX31865_TemperatureConversion	56	static
../Core/Src/main.c:164:9:MAX31865_ReadFault	8	static
../Core/Src/main.c:168:6:PrintTemperature	72	static
../Core/Src/main.c:174:6:HandleMAX31865Faults	16	static
../Core/Src/main.c:210:5:main	16	static
../Core/Src/main.c:258:6:SystemClock_Config	96	static
../Core/Src/main.c:308:13:MX_SPI1_Init	8	static
../Core/Src/main.c:348:13:MX_USART2_UART_Init	8	static
../Core/Src/main.c:383:13:MX_GPIO_Init	48	static
../Core/Src/main.c:413:6:Error_Handler	4	static,ignoring_inline_asm
