../Drivers/CMSIS/Include/core_cm4.h:1679:22:void __NVIC_EnableIRQ(IRQn_Type)	16	static,ignoring_inline_asm
../Core/Src/main.cpp:30:5:int max(int, int)	16	static
../Core/Src/main.cpp:35:5:int min(int, int)	16	static
../Core/Src/main.cpp:42:6:void TIM2_init()	8	static
../Core/Src/main.cpp:113:6:void updateFrequency(char)	16	static
../Core/Src/main.cpp:126:6:void updateWaveform(char)	16	static
../Core/Src/main.cpp:132:6:void updateDutyCycle(char)	16	static
../Core/Src/main.cpp:153:6:bool shouldResetWaveform()	4	static
../Core/Src/main.cpp:162:17:const uint16_t* getCurrentWave()	4	static
../Core/Src/main.cpp:208:17:void TIM2_IRQHandler()	24	static
../Core/Src/main.cpp:503:5:int main()	8	static,ignoring_inline_asm
../Core/Src/main.cpp:521:6:void SystemClock_Config()	96	static
../Core/Src/main.cpp:566:6:void Error_Handler()	4	static,ignoring_inline_asm
../Core/Src/main.cpp:573:1:void __static_initialization_and_destruction_0(int, int)	16	static
../Core/Src/main.cpp:573:1:cpp)	8	static
../Core/Src/main.cpp:573:1:cpp)	8	static
