../Core/Src/main.c:96:6:HAL_SAI_RxHalfCpltCallback	0	static
../Core/Src/main.c:138:6:TransmitDataOverUART	16	static
../Core/Src/main.c:128:6:DebugPrint	144	static
../Core/Src/main.c:143:6:PrintBufferContents	40	static
../Core/Src/main.c:153:6:HAL_SAI_ErrorCallback	8	static
../Core/Src/main.c:158:6:PrintDMAandSAIState	8	static
../Core/Src/main.c:169:6:DAC_write	16	static
../Core/Src/main.c:101:6:ProcessAudioData	96	static
../Core/Src/main.c:86:6:HAL_SAI_RxCpltCallback	8	static
../Core/Src/main.c:234:6:SystemClock_Config	104	static,ignoring_inline_asm
../Core/Src/main.c:180:5:main	48	static,ignoring_inline_asm
../Core/Src/main.c:484:6:Error_Handler	0	static,ignoring_inline_asm
