09:59:30 **** Incremental Build of configuration Debug for project ADC HAL ****
make -j24 all 
arm-none-eabi-gcc "../Core/Src/main.c" -mcpu=cortex-m4 -std=gnu11 -g3 -DDEBUG -DUSE_HAL_DRIVER -DSTM32L476xx -c -I../Core/Inc -I../Drivers/STM32L4xx_HAL_Driver/Inc -I../Drivers/STM32L4xx_HAL_Driver/Inc/Legacy -I../Drivers/CMSIS/Device/ST/STM32L4xx/Include -I../Drivers/CMSIS/Include -O0 -ffunction-sections -fdata-sections -Wall -fstack-usage -fcyclomatic-complexity -MMD -MP -MF"Core/Src/main.d" -MT"Core/Src/main.o" --specs=nano.specs -mfpu=fpv4-sp-d16 -mfloat-abi=hard -mthumb -o "Core/Src/main.o"
arm-none-eabi-gcc -o "ADC HAL.elf" @"objects.list"   -mcpu=cortex-m4 -T"C:\Users\goneb\STM32CubeIDE\workspace_1.13.2\ADC HAL\STM32L476RGTX_FLASH.ld" --specs=nosys.specs -Wl,-Map="ADC HAL.map" -Wl,--gc-sections -static --specs=nano.specs -mfpu=fpv4-sp-d16 -mfloat-abi=hard -mthumb -Wl,--start-group -lc -lm -Wl,--end-group
Finished building target: ADC HAL.elf
 
arm-none-eabi-size   ADC\ HAL.elf 
arm-none-eabi-objdump -h -S  ADC\ HAL.elf  > "ADC HAL.list"
   text	   data	    bss	    dec	    hex	filename
  21020	    100	   2140	  23260	   5adc	ADC HAL.elf
Finished building: default.size.stdout
 
Finished building: ADC HAL.list
 

09:59:31 Build Finished. 0 errors, 0 warnings. (took 1s.33ms)

