19:01:02 **** Incremental Build of configuration Debug for project CPE 316 A5 UART ZG ****
make -j24 all 
arm-none-eabi-gcc "../Core/Src/main.c" -mcpu=cortex-m4 -std=gnu11 -g3 -DDEBUG -DUSE_HAL_DRIVER -DSTM32L496xx -c -I../Core/Inc -I../Drivers/STM32L4xx_HAL_Driver/Inc -I../Drivers/STM32L4xx_HAL_Driver/Inc/Legacy -I../Drivers/CMSIS/Device/ST/STM32L4xx/Include -I../Drivers/CMSIS/Include -O0 -ffunction-sections -fdata-sections -Wall -fstack-usage -fcyclomatic-complexity -MMD -MP -MF"Core/Src/main.d" -MT"Core/Src/main.o" --specs=nano.specs -mfpu=fpv4-sp-d16 -mfloat-abi=hard -mthumb -o "Core/Src/main.o"
../Core/Src/main.c: In function 'SystemClock_Config':
../Core/Src/main.c:157:5: warning: implicit declaration of function 'Error_Handler' [-Wimplicit-function-declaration]
  157 |     Error_Handler();
      |     ^~~~~~~~~~~~~
../Core/Src/main.c: At top level:
../Core/Src/main.c:204:6: warning: conflicting types for 'Error_Handler'; have 'void(void)'
  204 | void Error_Handler(void)
      |      ^~~~~~~~~~~~~
../Core/Src/main.c:157:5: note: previous implicit declaration of 'Error_Handler' with type 'void(void)'
  157 |     Error_Handler();
      |     ^~~~~~~~~~~~~
arm-none-eabi-g++ -o "CPE 316 A5 UART ZG.elf" @"objects.list"   -mcpu=cortex-m4 -T"C:\Users\goneb\STM32CubeIDE\workspace_1.13.2\CPE 316 A5 UART ZG\STM32L496ZGTX_FLASH.ld" --specs=nosys.specs -Wl,-Map="CPE 316 A5 UART ZG.map" -Wl,--gc-sections -static --specs=nano.specs -mfpu=fpv4-sp-d16 -mfloat-abi=hard -mthumb -Wl,--start-group -lc -lm -lstdc++ -lsupc++ -Wl,--end-group
Finished building target: CPE 316 A5 UART ZG.elf
 
arm-none-eabi-size   CPE\ 316\ A5\ UART\ ZG.elf 
arm-none-eabi-objdump -h -S  CPE\ 316\ A5\ UART\ ZG.elf  > "CPE 316 A5 UART ZG.list"
   text	   data	    bss	    dec	    hex	filename
   5912	     20	   1572	   7504	   1d50	CPE 316 A5 UART ZG.elf
Finished building: default.size.stdout
 
Finished building: CPE 316 A5 UART ZG.list
 

19:01:02 Build Finished. 0 errors, 2 warnings. (took 611ms)

