12:51:01 **** Build of configuration Debug for project CPE 316 A4 DAC ****
make -j24 all 
arm-none-eabi-gcc "../Core/Src/main.c" -mcpu=cortex-m4 -std=gnu11 -g3 -DDEBUG -DUSE_HAL_DRIVER -DSTM32L476xx -c -I../Core/Inc -I../Drivers/STM32L4xx_HAL_Driver/Inc -I../Drivers/STM32L4xx_HAL_Driver/Inc/Legacy -I../Drivers/CMSIS/Device/ST/STM32L4xx/Include -I../Drivers/CMSIS/Include -O0 -ffunction-sections -fdata-sections -Wall -fstack-usage -fcyclomatic-complexity -MMD -MP -MF"Core/Src/main.d" -MT"Core/Src/main.o" --specs=nano.specs -mfpu=fpv4-sp-d16 -mfloat-abi=hard -mthumb -o "Core/Src/main.o"
../Core/Src/main.c: In function 'main':
../Core/Src/main.c:58:12: warning: unused variable 'high_val' [-Wunused-variable]
   58 |   uint16_t high_val = DAC_mvolt_conv(2000);
      |            ^~~~~~~~
../Core/Src/main.c:57:12: warning: unused variable 'low_val' [-Wunused-variable]
   57 |   uint16_t low_val = DAC_mvolt_conv(1000);
      |            ^~~~~~~
arm-none-eabi-g++ -o "CPE 316 A4 DAC.elf" @"objects.list"   -mcpu=cortex-m4 -T"C:\Users\goneb\STM32CubeIDE\workspace_1.13.2\CPE 316 A4 DAC\STM32L476RGTX_FLASH.ld" --specs=nosys.specs -Wl,-Map="CPE 316 A4 DAC.map" -Wl,--gc-sections -static --specs=nano.specs -mfpu=fpv4-sp-d16 -mfloat-abi=hard -mthumb -Wl,--start-group -lc -lm -lstdc++ -lsupc++ -Wl,--end-group
Finished building target: CPE 316 A4 DAC.elf
 
arm-none-eabi-size   CPE\ 316\ A4\ DAC.elf 
arm-none-eabi-objdump -h -S  CPE\ 316\ A4\ DAC.elf  > "CPE 316 A4 DAC.list"
   text	   data	    bss	    dec	    hex	filename
   1888	     20	   1572	   3480	    d98	CPE 316 A4 DAC.elf
Finished building: default.size.stdout
 
Finished building: CPE 316 A4 DAC.list
 

12:51:03 Build Finished. 0 errors, 2 warnings. (took 1s.121ms)

