21:21:49 **** Incremental Build of configuration Debug for project CPE 316 P2 Audio Processor ****
make -j24 all 
arm-none-eabi-gcc "../Core/Src/main.c" -mcpu=cortex-m4 -std=gnu11 -g3 -DDEBUG -DUSE_HAL_DRIVER -DSTM32L476xx -c -I../Core/Inc -I../Drivers/STM32L4xx_HAL_Driver/Inc -I../Drivers/STM32L4xx_HAL_Driver/Inc/Legacy -I../Drivers/CMSIS/Device/ST/STM32L4xx/Include -I../Drivers/CMSIS/Include -O0 -ffunction-sections -fdata-sections -Wall -fstack-usage -fcyclomatic-complexity -MMD -MP -MF"Core/Src/main.d" -MT"Core/Src/main.o" --specs=nano.specs -mfpu=fpv4-sp-d16 -mfloat-abi=hard -mthumb -o "Core/Src/main.o"
../Core/Src/main.c: In function 'main':
../Core/Src/main.c:201:29: warning: unused variable 'rxStatus' [-Wunused-variable]
  201 |           HAL_StatusTypeDef rxStatus = HAL_SAI_Receive_DMA(&hsai_BlockA2, (uint8_t *)adcData, BUFFER_SIZE);
      |                             ^~~~~~~~
At top level:
../Core/Src/main.c:427:13: warning: 'MX_USART2_UART_Init' defined but not used [-Wunused-function]
  427 | static void MX_USART2_UART_Init(void)
      |             ^~~~~~~~~~~~~~~~~~~
../Core/Src/main.c:369:13: warning: 'MX_TIM2_Init' defined but not used [-Wunused-function]
  369 | static void MX_TIM2_Init(void)
      |             ^~~~~~~~~~~~
../Core/Src/main.c:267:13: warning: 'MX_ADC1_Init' defined but not used [-Wunused-function]
  267 | static void MX_ADC1_Init(void)
      |             ^~~~~~~~~~~~
arm-none-eabi-gcc -o "CPE 316 P2 Audio Processor.elf" @"objects.list"   -mcpu=cortex-m4 -T"C:\Users\goneb\STM32CubeIDE\workspace_1.13.2\CPE 316 P2 Audio Processor\STM32L476RGTX_FLASH.ld" --specs=nosys.specs -Wl,-Map="CPE 316 P2 Audio Processor.map" -Wl,--gc-sections -static --specs=nano.specs -mfpu=fpv4-sp-d16 -mfloat-abi=hard -mthumb -Wl,--start-group -lc -lm -Wl,--end-group
Finished building target: CPE 316 P2 Audio Processor.elf
 
arm-none-eabi-size   CPE\ 316\ P2\ Audio\ Processor.elf 
arm-none-eabi-objdump -h -S  CPE\ 316\ P2\ Audio\ Processor.elf  > "CPE 316 P2 Audio Processor.list"
   text	   data	    bss	    dec	    hex	filename
  15960	     24	   2880	  18864	   49b0	CPE 316 P2 Audio Processor.elf
Finished building: default.size.stdout
 
Finished building: CPE 316 P2 Audio Processor.list
 

21:21:50 Build Finished. 0 errors, 4 warnings. (took 719ms)

