18:17:14 **** Build of configuration Debug for project CPE 316 P2 Audio Processor ****
make -j24 all 
arm-none-eabi-gcc "../Core/Src/stm32l4xx_hal_msp.c" -mcpu=cortex-m4 -std=gnu11 -g3 -DDEBUG -DUSE_HAL_DRIVER -DSTM32L476xx -c -I../Core/Inc -I../Drivers/STM32L4xx_HAL_Driver/Inc -I../Drivers/STM32L4xx_HAL_Driver/Inc/Legacy -I../Drivers/CMSIS/Device/ST/STM32L4xx/Include -I../Drivers/CMSIS/Include -O0 -ffunction-sections -fdata-sections -Wall -fstack-usage -fcyclomatic-complexity -MMD -MP -MF"Core/Src/stm32l4xx_hal_msp.d" -MT"Core/Src/stm32l4xx_hal_msp.o" --specs=nano.specs -mfpu=fpv4-sp-d16 -mfloat-abi=hard -mthumb -o "Core/Src/stm32l4xx_hal_msp.o"
arm-none-eabi-gcc -o "CPE 316 P2 Audio Processor.elf" @"objects.list"   -mcpu=cortex-m4 -T"C:\Users\goneb\STM32CubeIDE\workspace_1.13.2\CPE 316 P2 Audio Processor\STM32L476RGTX_FLASH.ld" --specs=nosys.specs -Wl,-Map="CPE 316 P2 Audio Processor.map" -Wl,--gc-sections -static --specs=nano.specs -mfpu=fpv4-sp-d16 -mfloat-abi=hard -mthumb -Wl,--start-group -lc -lm -Wl,--end-group
Finished building target: CPE 316 P2 Audio Processor.elf
 
arm-none-eabi-size   CPE\ 316\ P2\ Audio\ Processor.elf 
arm-none-eabi-objdump -h -S  CPE\ 316\ P2\ Audio\ Processor.elf  > "CPE 316 P2 Audio Processor.list"
   text	   data	    bss	    dec	    hex	filename
  15948	     24	   2880	  18852	   49a4	CPE 316 P2 Audio Processor.elf
Finished building: default.size.stdout
 
Finished building: CPE 316 P2 Audio Processor.list
 

18:17:15 Build Finished. 0 errors, 0 warnings. (took 710ms)

