15:12:15 **** Incremental Build of configuration Debug for project CPE 316 A6 ADC L476RG ****
make -j24 all 
arm-none-eabi-gcc "../Core/Src/main.c" -mcpu=cortex-m4 -std=gnu11 -g3 -DDEBUG -DUSE_HAL_DRIVER -DSTM32L476xx -c -I../Core/Inc -I../Drivers/STM32L4xx_HAL_Driver/Inc -I../Drivers/STM32L4xx_HAL_Driver/Inc/Legacy -I../Drivers/CMSIS/Device/ST/STM32L4xx/Include -I../Drivers/CMSIS/Include -O0 -ffunction-sections -fdata-sections -Wall -fstack-usage -fcyclomatic-complexity -MMD -MP -MF"Core/Src/main.d" -MT"Core/Src/main.o" --specs=nano.specs -mfpu=fpv4-sp-d16 -mfloat-abi=hard -mthumb -o "Core/Src/main.o"
arm-none-eabi-g++ -o "CPE 316 A6 ADC L476RG.elf" @"objects.list"   -mcpu=cortex-m4 -T"C:\Users\goneb\STM32CubeIDE\workspace_1.13.2\CPE 316 A6 ADC L476RG\STM32L476RGTX_FLASH.ld" --specs=nosys.specs -Wl,-Map="CPE 316 A6 ADC L476RG.map" -Wl,--gc-sections -static --specs=nano.specs -mfpu=fpv4-sp-d16 -mfloat-abi=hard -mthumb -Wl,--start-group -lc -lm -lstdc++ -lsupc++ -Wl,--end-group
Finished building target: CPE 316 A6 ADC L476RG.elf
 
arm-none-eabi-size   CPE\ 316\ A6\ ADC\ L476RG.elf 
arm-none-eabi-objdump -h -S  CPE\ 316\ A6\ ADC\ L476RG.elf  > "CPE 316 A6 ADC L476RG.list"
   text	   data	    bss	    dec	    hex	filename
   7748	     20	   1628	   9396	   24b4	CPE 316 A6 ADC L476RG.elf
Finished building: default.size.stdout
 
Finished building: CPE 316 A6 ADC L476RG.list
 

15:12:16 Build Finished. 0 errors, 0 warnings. (took 674ms)

