23:33:56 **** Incremental Build of configuration Debug for project CPE316 A3 Interrupt ****
make -j24 all 
arm-none-eabi-gcc "../Core/Src/partA_gpio_output.c" -mcpu=cortex-m4 -std=gnu11 -g3 -DDEBUG -DUSE_HAL_DRIVER -DSTM32L476xx -c -I../Core/Inc -I../Drivers/STM32L4xx_HAL_Driver/Inc -I../Drivers/STM32L4xx_HAL_Driver/Inc/Legacy -I../Drivers/CMSIS/Device/ST/STM32L4xx/Include -I../Drivers/CMSIS/Include -O0 -ffunction-sections -fdata-sections -Wall -fstack-usage -fcyclomatic-complexity -MMD -MP -MF"Core/Src/partA_gpio_output.d" -MT"Core/Src/partA_gpio_output.o" --specs=nano.specs -mfpu=fpv4-sp-d16 -mfloat-abi=hard -mthumb -o "Core/Src/partA_gpio_output.o"
arm-none-eabi-g++ -o "CPE316 A3 Interrupt.elf" @"objects.list"   -mcpu=cortex-m4 -T"C:\Users\goneb\STM32CubeIDE\workspace_1.13.2\CPE316 A3 Interrupt\STM32L476RGTX_FLASH.ld" --specs=nosys.specs -Wl,-Map="CPE316 A3 Interrupt.map" -Wl,--gc-sections -static --specs=nano.specs -mfpu=fpv4-sp-d16 -mfloat-abi=hard -mthumb -Wl,--start-group -lc -lm -lstdc++ -lsupc++ -Wl,--end-group
Finished building target: CPE316 A3 Interrupt.elf
 
arm-none-eabi-size   CPE316\ A3\ Interrupt.elf 
arm-none-eabi-objdump -h -S  CPE316\ A3\ Interrupt.elf  > "CPE316 A3 Interrupt.list"
   text	   data	    bss	    dec	    hex	filename
   1204	     12	   1572	   2788	    ae4	CPE316 A3 Interrupt.elf
Finished building: default.size.stdout
 
Finished building: CPE316 A3 Interrupt.list
 

23:33:57 Build Finished. 0 errors, 0 warnings. (took 577ms)

