21:25:17 **** Incremental Build of configuration Debug for project CPE 316 P1 Function Generator ****
make -j24 all 
arm-none-eabi-g++ "../Core/Src/main.cpp" -mcpu=cortex-m4 -std=gnu++14 -g3 -DDEBUG -DUSE_HAL_DRIVER -DSTM32L476xx -c -I../Core/Inc -I../Drivers/STM32L4xx_HAL_Driver/Inc -I../Drivers/STM32L4xx_HAL_Driver/Inc/Legacy -I../Drivers/CMSIS/Device/ST/STM32L4xx/Include -I../Drivers/CMSIS/Include -O0 -ffunction-sections -fdata-sections -fno-exceptions -fno-rtti -fno-use-cxa-atexit -Wall -fstack-usage -fcyclomatic-complexity -MMD -MP -MF"Core/Src/main.d" -MT"Core/Src/main.o" --specs=nano.specs -mfpu=fpv4-sp-d16 -mfloat-abi=hard -mthumb -o "Core/Src/main.o"
../Core/Src/main.cpp: In function 'void TIM2_IRQHandler()':
../Core/Src/main.cpp:205:21: warning: unused variable 'low_time' [-Wunused-variable]
  205 |                 int low_time = modulo_value - high_time;
      |                     ^~~~~~~~
arm-none-eabi-g++ -o "CPE 316 P1 Function Generator.elf" @"objects.list"   -mcpu=cortex-m4 -T"C:\Users\goneb\STM32CubeIDE\workspace_1.13.2\CPE 316 P1 Function Generator\STM32L476RGTX_FLASH.ld" --specs=nosys.specs -Wl,-Map="CPE 316 P1 Function Generator.map" -Wl,--gc-sections -static --specs=nano.specs -mfpu=fpv4-sp-d16 -mfloat-abi=hard -mthumb -Wl,--start-group -lc -lm -lstdc++ -lsupc++ -Wl,--end-group
Finished building target: CPE 316 P1 Function Generator.elf
 
arm-none-eabi-size   CPE\ 316\ P1\ Function\ Generator.elf 
arm-none-eabi-objdump -h -S  CPE\ 316\ P1\ Function\ Generator.elf  > "CPE 316 P1 Function Generator.list"
   text	   data	    bss	    dec	    hex	filename
  22256	    120	   1936	  24312	   5ef8	CPE 316 P1 Function Generator.elf
Finished building: default.size.stdout
 
Finished building: CPE 316 P1 Function Generator.list
 
21:25:22 **** Incremental Build of configuration Debug for project CPE 316 P1 Function Generator ****
make -j24 all 
arm-none-eabi-size   CPE\ 316\ P1\ Function\ Generator.elf 
   text	   data	    bss	    dec	    hex	filename
  22256	    120	   1936	  24312	   5ef8	CPE 316 P1 Function Generator.elf
Finished building: default.size.stdout
 
21:41:03 **** Incremental Build of configuration Debug for project CPE 316 P1 Function Generator ****
make -j24 all 
arm-none-eabi-g++ "../Core/Src/main.cpp" -mcpu=cortex-m4 -std=gnu++14 -g3 -DDEBUG -DUSE_HAL_DRIVER -DSTM32L476xx -c -I../Core/Inc -I../Drivers/STM32L4xx_HAL_Driver/Inc -I../Drivers/STM32L4xx_HAL_Driver/Inc/Legacy -I../Drivers/CMSIS/Device/ST/STM32L4xx/Include -I../Drivers/CMSIS/Include -O0 -ffunction-sections -fdata-sections -fno-exceptions -fno-rtti -fno-use-cxa-atexit -Wall -fstack-usage -fcyclomatic-complexity -MMD -MP -MF"Core/Src/main.d" -MT"Core/Src/main.o" --specs=nano.specs -mfpu=fpv4-sp-d16 -mfloat-abi=hard -mthumb -o "Core/Src/main.o"
arm-none-eabi-g++ -o "CPE 316 P1 Function Generator.elf" @"objects.list"   -mcpu=cortex-m4 -T"C:\Users\goneb\STM32CubeIDE\workspace_1.13.2\CPE 316 P1 Function Generator\STM32L476RGTX_FLASH.ld" --specs=nosys.specs -Wl,-Map="CPE 316 P1 Function Generator.map" -Wl,--gc-sections -static --specs=nano.specs -mfpu=fpv4-sp-d16 -mfloat-abi=hard -mthumb -Wl,--start-group -lc -lm -lstdc++ -lsupc++ -Wl,--end-group
Finished building target: CPE 316 P1 Function Generator.elf
 
arm-none-eabi-size   CPE\ 316\ P1\ Function\ Generator.elf 
arm-none-eabi-objdump -h -S  CPE\ 316\ P1\ Function\ Generator.elf  > "CPE 316 P1 Function Generator.list"
   text	   data	    bss	    dec	    hex	filename
  22244	    120	   1936	  24300	   5eec	CPE 316 P1 Function Generator.elf
Finished building: default.size.stdout
 
Finished building: CPE 316 P1 Function Generator.list
 
21:45:28 **** Incremental Build of configuration Debug for project CPE 316 P1 Function Generator ****
make -j24 all 
arm-none-eabi-g++ "../Core/Src/main.cpp" -mcpu=cortex-m4 -std=gnu++14 -g3 -DDEBUG -DUSE_HAL_DRIVER -DSTM32L476xx -c -I../Core/Inc -I../Drivers/STM32L4xx_HAL_Driver/Inc -I../Drivers/STM32L4xx_HAL_Driver/Inc/Legacy -I../Drivers/CMSIS/Device/ST/STM32L4xx/Include -I../Drivers/CMSIS/Include -O0 -ffunction-sections -fdata-sections -fno-exceptions -fno-rtti -fno-use-cxa-atexit -Wall -fstack-usage -fcyclomatic-complexity -MMD -MP -MF"Core/Src/main.d" -MT"Core/Src/main.o" --specs=nano.specs -mfpu=fpv4-sp-d16 -mfloat-abi=hard -mthumb -o "Core/Src/main.o"
arm-none-eabi-g++ -o "CPE 316 P1 Function Generator.elf" @"objects.list"   -mcpu=cortex-m4 -T"C:\Users\goneb\STM32CubeIDE\workspace_1.13.2\CPE 316 P1 Function Generator\STM32L476RGTX_FLASH.ld" --specs=nosys.specs -Wl,-Map="CPE 316 P1 Function Generator.map" -Wl,--gc-sections -static --specs=nano.specs -mfpu=fpv4-sp-d16 -mfloat-abi=hard -mthumb -Wl,--start-group -lc -lm -lstdc++ -lsupc++ -Wl,--end-group
Finished building target: CPE 316 P1 Function Generator.elf
 
arm-none-eabi-size   CPE\ 316\ P1\ Function\ Generator.elf 
arm-none-eabi-objdump -h -S  CPE\ 316\ P1\ Function\ Generator.elf  > "CPE 316 P1 Function Generator.list"
   text	   data	    bss	    dec	    hex	filename
  22320	    120	   1936	  24376	   5f38	CPE 316 P1 Function Generator.elf
Finished building: default.size.stdout
 
Finished building: CPE 316 P1 Function Generator.list
 
21:47:26 **** Incremental Build of configuration Debug for project CPE 316 P1 Function Generator ****
make -j24 all 
arm-none-eabi-g++ "../Core/Src/main.cpp" -mcpu=cortex-m4 -std=gnu++14 -g3 -DDEBUG -DUSE_HAL_DRIVER -DSTM32L476xx -c -I../Core/Inc -I../Drivers/STM32L4xx_HAL_Driver/Inc -I../Drivers/STM32L4xx_HAL_Driver/Inc/Legacy -I../Drivers/CMSIS/Device/ST/STM32L4xx/Include -I../Drivers/CMSIS/Include -O0 -ffunction-sections -fdata-sections -fno-exceptions -fno-rtti -fno-use-cxa-atexit -Wall -fstack-usage -fcyclomatic-complexity -MMD -MP -MF"Core/Src/main.d" -MT"Core/Src/main.o" --specs=nano.specs -mfpu=fpv4-sp-d16 -mfloat-abi=hard -mthumb -o "Core/Src/main.o"
arm-none-eabi-g++ -o "CPE 316 P1 Function Generator.elf" @"objects.list"   -mcpu=cortex-m4 -T"C:\Users\goneb\STM32CubeIDE\workspace_1.13.2\CPE 316 P1 Function Generator\STM32L476RGTX_FLASH.ld" --specs=nosys.specs -Wl,-Map="CPE 316 P1 Function Generator.map" -Wl,--gc-sections -static --specs=nano.specs -mfpu=fpv4-sp-d16 -mfloat-abi=hard -mthumb -Wl,--start-group -lc -lm -lstdc++ -lsupc++ -Wl,--end-group
Finished building target: CPE 316 P1 Function Generator.elf
 
arm-none-eabi-size   CPE\ 316\ P1\ Function\ Generator.elf 
arm-none-eabi-objdump -h -S  CPE\ 316\ P1\ Function\ Generator.elf  > "CPE 316 P1 Function Generator.list"
   text	   data	    bss	    dec	    hex	filename
  22204	    120	   1936	  24260	   5ec4	CPE 316 P1 Function Generator.elf
Finished building: default.size.stdout
 
Finished building: CPE 316 P1 Function Generator.list
 
