20:38:29 **** Build of configuration Debug for project GPO ****
make -j24 all 
arm-none-eabi-gcc "C:/Stm/GPIO/GPO/Drivers/STM32L4xx_HAL_Driver/Src/stm32l4xx_hal.c" -mcpu=cortex-m4 -std=gnu11 -g3 -DDEBUG -DUSE_HAL_DRIVER -DSTM32L476xx -c -I../../Inc -I../../Drivers/STM32L4xx_HAL_Driver/Inc -I../../Drivers/STM32L4xx_HAL_Driver/Inc/Legacy -I../../Drivers/CMSIS/Device/ST/STM32L4xx/Include -I../../Drivers/CMSIS/Include -I../../Drivers/BSP/Components/ST25DV -I../../Drivers/BSP/NFC04A1 -O0 -ffunction-sections -fdata-sections -Wall -fstack-usage -fcyclomatic-complexity -MMD -MP -MF"Drivers/STM32L4xx_HAL_Driver/stm32l4xx_hal.d" -MT"Drivers/STM32L4xx_HAL_Driver/stm32l4xx_hal.o" --specs=nano.specs -mfpu=fpv4-sp-d16 -mfloat-abi=hard -mthumb -o "Drivers/STM32L4xx_HAL_Driver/stm32l4xx_hal.o"
arm-none-eabi-gcc "C:/Stm/GPIO/GPO/Drivers/STM32L4xx_HAL_Driver/Src/stm32l4xx_hal_cortex.c" -mcpu=cortex-m4 -std=gnu11 -g3 -DDEBUG -DUSE_HAL_DRIVER -DSTM32L476xx -c -I../../Inc -I../../Drivers/STM32L4xx_HAL_Driver/Inc -I../../Drivers/STM32L4xx_HAL_Driver/Inc/Legacy -I../../Drivers/CMSIS/Device/ST/STM32L4xx/Include -I../../Drivers/CMSIS/Include -I../../Drivers/BSP/Components/ST25DV -I../../Drivers/BSP/NFC04A1 -O0 -ffunction-sections -fdata-sections -Wall -fstack-usage -fcyclomatic-complexity -MMD -MP -MF"Drivers/STM32L4xx_HAL_Driver/stm32l4xx_hal_cortex.d" -MT"Drivers/STM32L4xx_HAL_Driver/stm32l4xx_hal_cortex.o" --specs=nano.specs -mfpu=fpv4-sp-d16 -mfloat-abi=hard -mthumb -o "Drivers/STM32L4xx_HAL_Driver/stm32l4xx_hal_cortex.o"
arm-none-eabi-gcc "C:/Stm/GPIO/GPO/Drivers/STM32L4xx_HAL_Driver/Src/stm32l4xx_hal_dma.c" -mcpu=cortex-m4 -std=gnu11 -g3 -DDEBUG -DUSE_HAL_DRIVER -DSTM32L476xx -c -I../../Inc -I../../Drivers/STM32L4xx_HAL_Driver/Inc -I../../Drivers/STM32L4xx_HAL_Driver/Inc/Legacy -I../../Drivers/CMSIS/Device/ST/STM32L4xx/Include -I../../Drivers/CMSIS/Include -I../../Drivers/BSP/Components/ST25DV -I../../Drivers/BSP/NFC04A1 -O0 -ffunction-sections -fdata-sections -Wall -fstack-usage -fcyclomatic-complexity -MMD -MP -MF"Drivers/STM32L4xx_HAL_Driver/stm32l4xx_hal_dma.d" -MT"Drivers/STM32L4xx_HAL_Driver/stm32l4xx_hal_dma.o" --specs=nano.specs -mfpu=fpv4-sp-d16 -mfloat-abi=hard -mthumb -o "Drivers/STM32L4xx_HAL_Driver/stm32l4xx_hal_dma.o"
arm-none-eabi-gcc "C:/Stm/GPIO/GPO/Drivers/STM32L4xx_HAL_Driver/Src/stm32l4xx_hal_dma_ex.c" -mcpu=cortex-m4 -std=gnu11 -g3 -DDEBUG -DUSE_HAL_DRIVER -DSTM32L476xx -c -I../../Inc -I../../Drivers/STM32L4xx_HAL_Driver/Inc -I../../Drivers/STM32L4xx_HAL_Driver/Inc/Legacy -I../../Drivers/CMSIS/Device/ST/STM32L4xx/Include -I../../Drivers/CMSIS/Include -I../../Drivers/BSP/Components/ST25DV -I../../Drivers/BSP/NFC04A1 -O0 -ffunction-sections -fdata-sections -Wall -fstack-usage -fcyclomatic-complexity -MMD -MP -MF"Drivers/STM32L4xx_HAL_Driver/stm32l4xx_hal_dma_ex.d" -MT"Drivers/STM32L4xx_HAL_Driver/stm32l4xx_hal_dma_ex.o" --specs=nano.specs -mfpu=fpv4-sp-d16 -mfloat-abi=hard -mthumb -o "Drivers/STM32L4xx_HAL_Driver/stm32l4xx_hal_dma_ex.o"
arm-none-eabi-gcc "C:/Stm/GPIO/GPO/Drivers/STM32L4xx_HAL_Driver/Src/stm32l4xx_hal_exti.c" -mcpu=cortex-m4 -std=gnu11 -g3 -DDEBUG -DUSE_HAL_DRIVER -DSTM32L476xx -c -I../../Inc -I../../Drivers/STM32L4xx_HAL_Driver/Inc -I../../Drivers/STM32L4xx_HAL_Driver/Inc/Legacy -I../../Drivers/CMSIS/Device/ST/STM32L4xx/Include -I../../Drivers/CMSIS/Include -I../../Drivers/BSP/Components/ST25DV -I../../Drivers/BSP/NFC04A1 -O0 -ffunction-sections -fdata-sections -Wall -fstack-usage -fcyclomatic-complexity -MMD -MP -MF"Drivers/STM32L4xx_HAL_Driver/stm32l4xx_hal_exti.d" -MT"Drivers/STM32L4xx_HAL_Driver/stm32l4xx_hal_exti.o" --specs=nano.specs -mfpu=fpv4-sp-d16 -mfloat-abi=hard -mthumb -o "Drivers/STM32L4xx_HAL_Driver/stm32l4xx_hal_exti.o"
arm-none-eabi-gcc "C:/Stm/GPIO/GPO/Drivers/STM32L4xx_HAL_Driver/Src/stm32l4xx_hal_flash.c" -mcpu=cortex-m4 -std=gnu11 -g3 -DDEBUG -DUSE_HAL_DRIVER -DSTM32L476xx -c -I../../Inc -I../../Drivers/STM32L4xx_HAL_Driver/Inc -I../../Drivers/STM32L4xx_HAL_Driver/Inc/Legacy -I../../Drivers/CMSIS/Device/ST/STM32L4xx/Include -I../../Drivers/CMSIS/Include -I../../Drivers/BSP/Components/ST25DV -I../../Drivers/BSP/NFC04A1 -O0 -ffunction-sections -fdata-sections -Wall -fstack-usage -fcyclomatic-complexity -MMD -MP -MF"Drivers/STM32L4xx_HAL_Driver/stm32l4xx_hal_flash.d" -MT"Drivers/STM32L4xx_HAL_Driver/stm32l4xx_hal_flash.o" --specs=nano.specs -mfpu=fpv4-sp-d16 -mfloat-abi=hard -mthumb -o "Drivers/STM32L4xx_HAL_Driver/stm32l4xx_hal_flash.o"
arm-none-eabi-gcc "C:/Stm/GPIO/GPO/Drivers/STM32L4xx_HAL_Driver/Src/stm32l4xx_hal_flash_ex.c" -mcpu=cortex-m4 -std=gnu11 -g3 -DDEBUG -DUSE_HAL_DRIVER -DSTM32L476xx -c -I../../Inc -I../../Drivers/STM32L4xx_HAL_Driver/Inc -I../../Drivers/STM32L4xx_HAL_Driver/Inc/Legacy -I../../Drivers/CMSIS/Device/ST/STM32L4xx/Include -I../../Drivers/CMSIS/Include -I../../Drivers/BSP/Components/ST25DV -I../../Drivers/BSP/NFC04A1 -O0 -ffunction-sections -fdata-sections -Wall -fstack-usage -fcyclomatic-complexity -MMD -MP -MF"Drivers/STM32L4xx_HAL_Driver/stm32l4xx_hal_flash_ex.d" -MT"Drivers/STM32L4xx_HAL_Driver/stm32l4xx_hal_flash_ex.o" --specs=nano.specs -mfpu=fpv4-sp-d16 -mfloat-abi=hard -mthumb -o "Drivers/STM32L4xx_HAL_Driver/stm32l4xx_hal_flash_ex.o"
arm-none-eabi-gcc "C:/Stm/GPIO/GPO/Drivers/STM32L4xx_HAL_Driver/Src/stm32l4xx_hal_flash_ramfunc.c" -mcpu=cortex-m4 -std=gnu11 -g3 -DDEBUG -DUSE_HAL_DRIVER -DSTM32L476xx -c -I../../Inc -I../../Drivers/STM32L4xx_HAL_Driver/Inc -I../../Drivers/STM32L4xx_HAL_Driver/Inc/Legacy -I../../Drivers/CMSIS/Device/ST/STM32L4xx/Include -I../../Drivers/CMSIS/Include -I../../Drivers/BSP/Components/ST25DV -I../../Drivers/BSP/NFC04A1 -O0 -ffunction-sections -fdata-sections -Wall -fstack-usage -fcyclomatic-complexity -MMD -MP -MF"Drivers/STM32L4xx_HAL_Driver/stm32l4xx_hal_flash_ramfunc.d" -MT"Drivers/STM32L4xx_HAL_Driver/stm32l4xx_hal_flash_ramfunc.o" --specs=nano.specs -mfpu=fpv4-sp-d16 -mfloat-abi=hard -mthumb -o "Drivers/STM32L4xx_HAL_Driver/stm32l4xx_hal_flash_ramfunc.o"
arm-none-eabi-gcc "C:/Stm/GPIO/GPO/Drivers/STM32L4xx_HAL_Driver/Src/stm32l4xx_hal_gpio.c" -mcpu=cortex-m4 -std=gnu11 -g3 -DDEBUG -DUSE_HAL_DRIVER -DSTM32L476xx -c -I../../Inc -I../../Drivers/STM32L4xx_HAL_Driver/Inc -I../../Drivers/STM32L4xx_HAL_Driver/Inc/Legacy -I../../Drivers/CMSIS/Device/ST/STM32L4xx/Include -I../../Drivers/CMSIS/Include -I../../Drivers/BSP/Components/ST25DV -I../../Drivers/BSP/NFC04A1 -O0 -ffunction-sections -fdata-sections -Wall -fstack-usage -fcyclomatic-complexity -MMD -MP -MF"Drivers/STM32L4xx_HAL_Driver/stm32l4xx_hal_gpio.d" -MT"Drivers/STM32L4xx_HAL_Driver/stm32l4xx_hal_gpio.o" --specs=nano.specs -mfpu=fpv4-sp-d16 -mfloat-abi=hard -mthumb -o "Drivers/STM32L4xx_HAL_Driver/stm32l4xx_hal_gpio.o"
arm-none-eabi-gcc "C:/Stm/GPIO/GPO/Drivers/STM32L4xx_HAL_Driver/Src/stm32l4xx_hal_i2c.c" -mcpu=cortex-m4 -std=gnu11 -g3 -DDEBUG -DUSE_HAL_DRIVER -DSTM32L476xx -c -I../../Inc -I../../Drivers/STM32L4xx_HAL_Driver/Inc -I../../Drivers/STM32L4xx_HAL_Driver/Inc/Legacy -I../../Drivers/CMSIS/Device/ST/STM32L4xx/Include -I../../Drivers/CMSIS/Include -I../../Drivers/BSP/Components/ST25DV -I../../Drivers/BSP/NFC04A1 -O0 -ffunction-sections -fdata-sections -Wall -fstack-usage -fcyclomatic-complexity -MMD -MP -MF"Drivers/STM32L4xx_HAL_Driver/stm32l4xx_hal_i2c.d" -MT"Drivers/STM32L4xx_HAL_Driver/stm32l4xx_hal_i2c.o" --specs=nano.specs -mfpu=fpv4-sp-d16 -mfloat-abi=hard -mthumb -o "Drivers/STM32L4xx_HAL_Driver/stm32l4xx_hal_i2c.o"
arm-none-eabi-gcc "C:/Stm/GPIO/GPO/Drivers/STM32L4xx_HAL_Driver/Src/stm32l4xx_hal_i2c_ex.c" -mcpu=cortex-m4 -std=gnu11 -g3 -DDEBUG -DUSE_HAL_DRIVER -DSTM32L476xx -c -I../../Inc -I../../Drivers/STM32L4xx_HAL_Driver/Inc -I../../Drivers/STM32L4xx_HAL_Driver/Inc/Legacy -I../../Drivers/CMSIS/Device/ST/STM32L4xx/Include -I../../Drivers/CMSIS/Include -I../../Drivers/BSP/Components/ST25DV -I../../Drivers/BSP/NFC04A1 -O0 -ffunction-sections -fdata-sections -Wall -fstack-usage -fcyclomatic-complexity -MMD -MP -MF"Drivers/STM32L4xx_HAL_Driver/stm32l4xx_hal_i2c_ex.d" -MT"Drivers/STM32L4xx_HAL_Driver/stm32l4xx_hal_i2c_ex.o" --specs=nano.specs -mfpu=fpv4-sp-d16 -mfloat-abi=hard -mthumb -o "Drivers/STM32L4xx_HAL_Driver/stm32l4xx_hal_i2c_ex.o"
arm-none-eabi-gcc "C:/Stm/GPIO/GPO/Drivers/STM32L4xx_HAL_Driver/Src/stm32l4xx_hal_pwr.c" -mcpu=cortex-m4 -std=gnu11 -g3 -DDEBUG -DUSE_HAL_DRIVER -DSTM32L476xx -c -I../../Inc -I../../Drivers/STM32L4xx_HAL_Driver/Inc -I../../Drivers/STM32L4xx_HAL_Driver/Inc/Legacy -I../../Drivers/CMSIS/Device/ST/STM32L4xx/Include -I../../Drivers/CMSIS/Include -I../../Drivers/BSP/Components/ST25DV -I../../Drivers/BSP/NFC04A1 -O0 -ffunction-sections -fdata-sections -Wall -fstack-usage -fcyclomatic-complexity -MMD -MP -MF"Drivers/STM32L4xx_HAL_Driver/stm32l4xx_hal_pwr.d" -MT"Drivers/STM32L4xx_HAL_Driver/stm32l4xx_hal_pwr.o" --specs=nano.specs -mfpu=fpv4-sp-d16 -mfloat-abi=hard -mthumb -o "Drivers/STM32L4xx_HAL_Driver/stm32l4xx_hal_pwr.o"
arm-none-eabi-gcc "C:/Stm/GPIO/GPO/Drivers/STM32L4xx_HAL_Driver/Src/stm32l4xx_hal_pwr_ex.c" -mcpu=cortex-m4 -std=gnu11 -g3 -DDEBUG -DUSE_HAL_DRIVER -DSTM32L476xx -c -I../../Inc -I../../Drivers/STM32L4xx_HAL_Driver/Inc -I../../Drivers/STM32L4xx_HAL_Driver/Inc/Legacy -I../../Drivers/CMSIS/Device/ST/STM32L4xx/Include -I../../Drivers/CMSIS/Include -I../../Drivers/BSP/Components/ST25DV -I../../Drivers/BSP/NFC04A1 -O0 -ffunction-sections -fdata-sections -Wall -fstack-usage -fcyclomatic-complexity -MMD -MP -MF"Drivers/STM32L4xx_HAL_Driver/stm32l4xx_hal_pwr_ex.d" -MT"Drivers/STM32L4xx_HAL_Driver/stm32l4xx_hal_pwr_ex.o" --specs=nano.specs -mfpu=fpv4-sp-d16 -mfloat-abi=hard -mthumb -o "Drivers/STM32L4xx_HAL_Driver/stm32l4xx_hal_pwr_ex.o"
arm-none-eabi-gcc "C:/Stm/GPIO/GPO/Drivers/STM32L4xx_HAL_Driver/Src/stm32l4xx_hal_rcc.c" -mcpu=cortex-m4 -std=gnu11 -g3 -DDEBUG -DUSE_HAL_DRIVER -DSTM32L476xx -c -I../../Inc -I../../Drivers/STM32L4xx_HAL_Driver/Inc -I../../Drivers/STM32L4xx_HAL_Driver/Inc/Legacy -I../../Drivers/CMSIS/Device/ST/STM32L4xx/Include -I../../Drivers/CMSIS/Include -I../../Drivers/BSP/Components/ST25DV -I../../Drivers/BSP/NFC04A1 -O0 -ffunction-sections -fdata-sections -Wall -fstack-usage -fcyclomatic-complexity -MMD -MP -MF"Drivers/STM32L4xx_HAL_Driver/stm32l4xx_hal_rcc.d" -MT"Drivers/STM32L4xx_HAL_Driver/stm32l4xx_hal_rcc.o" --specs=nano.specs -mfpu=fpv4-sp-d16 -mfloat-abi=hard -mthumb -o "Drivers/STM32L4xx_HAL_Driver/stm32l4xx_hal_rcc.o"
arm-none-eabi-gcc "C:/Stm/GPIO/GPO/Drivers/STM32L4xx_HAL_Driver/Src/stm32l4xx_hal_rcc_ex.c" -mcpu=cortex-m4 -std=gnu11 -g3 -DDEBUG -DUSE_HAL_DRIVER -DSTM32L476xx -c -I../../Inc -I../../Drivers/STM32L4xx_HAL_Driver/Inc -I../../Drivers/STM32L4xx_HAL_Driver/Inc/Legacy -I../../Drivers/CMSIS/Device/ST/STM32L4xx/Include -I../../Drivers/CMSIS/Include -I../../Drivers/BSP/Components/ST25DV -I../../Drivers/BSP/NFC04A1 -O0 -ffunction-sections -fdata-sections -Wall -fstack-usage -fcyclomatic-complexity -MMD -MP -MF"Drivers/STM32L4xx_HAL_Driver/stm32l4xx_hal_rcc_ex.d" -MT"Drivers/STM32L4xx_HAL_Driver/stm32l4xx_hal_rcc_ex.o" --specs=nano.specs -mfpu=fpv4-sp-d16 -mfloat-abi=hard -mthumb -o "Drivers/STM32L4xx_HAL_Driver/stm32l4xx_hal_rcc_ex.o"
arm-none-eabi-gcc "C:/Stm/GPIO/GPO/Drivers/STM32L4xx_HAL_Driver/Src/stm32l4xx_hal_tim.c" -mcpu=cortex-m4 -std=gnu11 -g3 -DDEBUG -DUSE_HAL_DRIVER -DSTM32L476xx -c -I../../Inc -I../../Drivers/STM32L4xx_HAL_Driver/Inc -I../../Drivers/STM32L4xx_HAL_Driver/Inc/Legacy -I../../Drivers/CMSIS/Device/ST/STM32L4xx/Include -I../../Drivers/CMSIS/Include -I../../Drivers/BSP/Components/ST25DV -I../../Drivers/BSP/NFC04A1 -O0 -ffunction-sections -fdata-sections -Wall -fstack-usage -fcyclomatic-complexity -MMD -MP -MF"Drivers/STM32L4xx_HAL_Driver/stm32l4xx_hal_tim.d" -MT"Drivers/STM32L4xx_HAL_Driver/stm32l4xx_hal_tim.o" --specs=nano.specs -mfpu=fpv4-sp-d16 -mfloat-abi=hard -mthumb -o "Drivers/STM32L4xx_HAL_Driver/stm32l4xx_hal_tim.o"
arm-none-eabi-gcc "C:/Stm/GPIO/GPO/Drivers/STM32L4xx_HAL_Driver/Src/stm32l4xx_hal_tim_ex.c" -mcpu=cortex-m4 -std=gnu11 -g3 -DDEBUG -DUSE_HAL_DRIVER -DSTM32L476xx -c -I../../Inc -I../../Drivers/STM32L4xx_HAL_Driver/Inc -I../../Drivers/STM32L4xx_HAL_Driver/Inc/Legacy -I../../Drivers/CMSIS/Device/ST/STM32L4xx/Include -I../../Drivers/CMSIS/Include -I../../Drivers/BSP/Components/ST25DV -I../../Drivers/BSP/NFC04A1 -O0 -ffunction-sections -fdata-sections -Wall -fstack-usage -fcyclomatic-complexity -MMD -MP -MF"Drivers/STM32L4xx_HAL_Driver/stm32l4xx_hal_tim_ex.d" -MT"Drivers/STM32L4xx_HAL_Driver/stm32l4xx_hal_tim_ex.o" --specs=nano.specs -mfpu=fpv4-sp-d16 -mfloat-abi=hard -mthumb -o "Drivers/STM32L4xx_HAL_Driver/stm32l4xx_hal_tim_ex.o"
arm-none-eabi-gcc "C:/Stm/GPIO/GPO/Src/system_stm32l4xx.c" -mcpu=cortex-m4 -std=gnu11 -g3 -DDEBUG -DUSE_HAL_DRIVER -DSTM32L476xx -c -I../../Inc -I../../Drivers/STM32L4xx_HAL_Driver/Inc -I../../Drivers/STM32L4xx_HAL_Driver/Inc/Legacy -I../../Drivers/CMSIS/Device/ST/STM32L4xx/Include -I../../Drivers/CMSIS/Include -I../../Drivers/BSP/Components/ST25DV -I../../Drivers/BSP/NFC04A1 -O0 -ffunction-sections -fdata-sections -Wall -fstack-usage -fcyclomatic-complexity -MMD -MP -MF"Drivers/CMSIS/system_stm32l4xx.d" -MT"Drivers/CMSIS/system_stm32l4xx.o" --specs=nano.specs -mfpu=fpv4-sp-d16 -mfloat-abi=hard -mthumb -o "Drivers/CMSIS/system_stm32l4xx.o"
arm-none-eabi-gcc "C:/Stm/GPIO/GPO/Drivers/BSP/NFC04A1/nfc04a1.c" -mcpu=cortex-m4 -std=gnu11 -g3 -DDEBUG -DUSE_HAL_DRIVER -DSTM32L476xx -c -I../../Inc -I../../Drivers/STM32L4xx_HAL_Driver/Inc -I../../Drivers/STM32L4xx_HAL_Driver/Inc/Legacy -I../../Drivers/CMSIS/Device/ST/STM32L4xx/Include -I../../Drivers/CMSIS/Include -I../../Drivers/BSP/Components/ST25DV -I../../Drivers/BSP/NFC04A1 -O0 -ffunction-sections -fdata-sections -Wall -fstack-usage -fcyclomatic-complexity -MMD -MP -MF"Drivers/BSP/NFC04A1/nfc04a1.d" -MT"Drivers/BSP/NFC04A1/nfc04a1.o" --specs=nano.specs -mfpu=fpv4-sp-d16 -mfloat-abi=hard -mthumb -o "Drivers/BSP/NFC04A1/nfc04a1.o"
arm-none-eabi-gcc "C:/Stm/GPIO/GPO/Drivers/BSP/NFC04A1/nfc04a1_nfctag.c" -mcpu=cortex-m4 -std=gnu11 -g3 -DDEBUG -DUSE_HAL_DRIVER -DSTM32L476xx -c -I../../Inc -I../../Drivers/STM32L4xx_HAL_Driver/Inc -I../../Drivers/STM32L4xx_HAL_Driver/Inc/Legacy -I../../Drivers/CMSIS/Device/ST/STM32L4xx/Include -I../../Drivers/CMSIS/Include -I../../Drivers/BSP/Components/ST25DV -I../../Drivers/BSP/NFC04A1 -O0 -ffunction-sections -fdata-sections -Wall -fstack-usage -fcyclomatic-complexity -MMD -MP -MF"Drivers/BSP/NFC04A1/nfc04a1_nfctag.d" -MT"Drivers/BSP/NFC04A1/nfc04a1_nfctag.o" --specs=nano.specs -mfpu=fpv4-sp-d16 -mfloat-abi=hard -mthumb -o "Drivers/BSP/NFC04A1/nfc04a1_nfctag.o"
arm-none-eabi-gcc "C:/Stm/GPIO/GPO/Drivers/BSP/Components/ST25DV/st25dv.c" -mcpu=cortex-m4 -std=gnu11 -g3 -DDEBUG -DUSE_HAL_DRIVER -DSTM32L476xx -c -I../../Inc -I../../Drivers/STM32L4xx_HAL_Driver/Inc -I../../Drivers/STM32L4xx_HAL_Driver/Inc/Legacy -I../../Drivers/CMSIS/Device/ST/STM32L4xx/Include -I../../Drivers/CMSIS/Include -I../../Drivers/BSP/Components/ST25DV -I../../Drivers/BSP/NFC04A1 -O0 -ffunction-sections -fdata-sections -Wall -fstack-usage -fcyclomatic-complexity -MMD -MP -MF"Drivers/BSP/Components/st25dv.d" -MT"Drivers/BSP/Components/st25dv.o" --specs=nano.specs -mfpu=fpv4-sp-d16 -mfloat-abi=hard -mthumb -o "Drivers/BSP/Components/st25dv.o"
arm-none-eabi-gcc "C:/Stm/GPIO/GPO/Drivers/BSP/Components/ST25DV/st25dv_reg.c" -mcpu=cortex-m4 -std=gnu11 -g3 -DDEBUG -DUSE_HAL_DRIVER -DSTM32L476xx -c -I../../Inc -I../../Drivers/STM32L4xx_HAL_Driver/Inc -I../../Drivers/STM32L4xx_HAL_Driver/Inc/Legacy -I../../Drivers/CMSIS/Device/ST/STM32L4xx/Include -I../../Drivers/CMSIS/Include -I../../Drivers/BSP/Components/ST25DV -I../../Drivers/BSP/NFC04A1 -O0 -ffunction-sections -fdata-sections -Wall -fstack-usage -fcyclomatic-complexity -MMD -MP -MF"Drivers/BSP/Components/st25dv_reg.d" -MT"Drivers/BSP/Components/st25dv_reg.o" --specs=nano.specs -mfpu=fpv4-sp-d16 -mfloat-abi=hard -mthumb -o "Drivers/BSP/Components/st25dv_reg.o"
arm-none-eabi-gcc "C:/Stm/GPIO/GPO/Src/app_x-cube-nfc4.c" -mcpu=cortex-m4 -std=gnu11 -g3 -DDEBUG -DUSE_HAL_DRIVER -DSTM32L476xx -c -I../../Inc -I../../Drivers/STM32L4xx_HAL_Driver/Inc -I../../Drivers/STM32L4xx_HAL_Driver/Inc/Legacy -I../../Drivers/CMSIS/Device/ST/STM32L4xx/Include -I../../Drivers/CMSIS/Include -I../../Drivers/BSP/Components/ST25DV -I../../Drivers/BSP/NFC04A1 -O0 -ffunction-sections -fdata-sections -Wall -fstack-usage -fcyclomatic-complexity -MMD -MP -MF"Application/User/app_x-cube-nfc4.d" -MT"Application/User/app_x-cube-nfc4.o" --specs=nano.specs -mfpu=fpv4-sp-d16 -mfloat-abi=hard -mthumb -o "Application/User/app_x-cube-nfc4.o"
arm-none-eabi-gcc "C:/Stm/GPIO/GPO/Src/main.c" -mcpu=cortex-m4 -std=gnu11 -g3 -DDEBUG -DUSE_HAL_DRIVER -DSTM32L476xx -c -I../../Inc -I../../Drivers/STM32L4xx_HAL_Driver/Inc -I../../Drivers/STM32L4xx_HAL_Driver/Inc/Legacy -I../../Drivers/CMSIS/Device/ST/STM32L4xx/Include -I../../Drivers/CMSIS/Include -I../../Drivers/BSP/Components/ST25DV -I../../Drivers/BSP/NFC04A1 -O0 -ffunction-sections -fdata-sections -Wall -fstack-usage -fcyclomatic-complexity -MMD -MP -MF"Application/User/main.d" -MT"Application/User/main.o" --specs=nano.specs -mfpu=fpv4-sp-d16 -mfloat-abi=hard -mthumb -o "Application/User/main.o"
arm-none-eabi-gcc "C:/Stm/GPIO/GPO/Src/stm32l4xx_hal_msp.c" -mcpu=cortex-m4 -std=gnu11 -g3 -DDEBUG -DUSE_HAL_DRIVER -DSTM32L476xx -c -I../../Inc -I../../Drivers/STM32L4xx_HAL_Driver/Inc -I../../Drivers/STM32L4xx_HAL_Driver/Inc/Legacy -I../../Drivers/CMSIS/Device/ST/STM32L4xx/Include -I../../Drivers/CMSIS/Include -I../../Drivers/BSP/Components/ST25DV -I../../Drivers/BSP/NFC04A1 -O0 -ffunction-sections -fdata-sections -Wall -fstack-usage -fcyclomatic-complexity -MMD -MP -MF"Application/User/stm32l4xx_hal_msp.d" -MT"Application/User/stm32l4xx_hal_msp.o" --specs=nano.specs -mfpu=fpv4-sp-d16 -mfloat-abi=hard -mthumb -o "Application/User/stm32l4xx_hal_msp.o"
arm-none-eabi-gcc "C:/Stm/GPIO/GPO/Src/stm32l4xx_it.c" -mcpu=cortex-m4 -std=gnu11 -g3 -DDEBUG -DUSE_HAL_DRIVER -DSTM32L476xx -c -I../../Inc -I../../Drivers/STM32L4xx_HAL_Driver/Inc -I../../Drivers/STM32L4xx_HAL_Driver/Inc/Legacy -I../../Drivers/CMSIS/Device/ST/STM32L4xx/Include -I../../Drivers/CMSIS/Include -I../../Drivers/BSP/Components/ST25DV -I../../Drivers/BSP/NFC04A1 -O0 -ffunction-sections -fdata-sections -Wall -fstack-usage -fcyclomatic-complexity -MMD -MP -MF"Application/User/stm32l4xx_it.d" -MT"Application/User/stm32l4xx_it.o" --specs=nano.specs -mfpu=fpv4-sp-d16 -mfloat-abi=hard -mthumb -o "Application/User/stm32l4xx_it.o"
arm-none-eabi-gcc "C:/Stm/GPIO/GPO/Src/stm32l4xx_nucleo_bus.c" -mcpu=cortex-m4 -std=gnu11 -g3 -DDEBUG -DUSE_HAL_DRIVER -DSTM32L476xx -c -I../../Inc -I../../Drivers/STM32L4xx_HAL_Driver/Inc -I../../Drivers/STM32L4xx_HAL_Driver/Inc/Legacy -I../../Drivers/CMSIS/Device/ST/STM32L4xx/Include -I../../Drivers/CMSIS/Include -I../../Drivers/BSP/Components/ST25DV -I../../Drivers/BSP/NFC04A1 -O0 -ffunction-sections -fdata-sections -Wall -fstack-usage -fcyclomatic-complexity -MMD -MP -MF"Application/User/stm32l4xx_nucleo_bus.d" -MT"Application/User/stm32l4xx_nucleo_bus.o" --specs=nano.specs -mfpu=fpv4-sp-d16 -mfloat-abi=hard -mthumb -o "Application/User/stm32l4xx_nucleo_bus.o"
arm-none-eabi-gcc "../Application/User/syscalls.c" -mcpu=cortex-m4 -std=gnu11 -g3 -DDEBUG -DUSE_HAL_DRIVER -DSTM32L476xx -c -I../../Inc -I../../Drivers/STM32L4xx_HAL_Driver/Inc -I../../Drivers/STM32L4xx_HAL_Driver/Inc/Legacy -I../../Drivers/CMSIS/Device/ST/STM32L4xx/Include -I../../Drivers/CMSIS/Include -I../../Drivers/BSP/Components/ST25DV -I../../Drivers/BSP/NFC04A1 -O0 -ffunction-sections -fdata-sections -Wall -fstack-usage -fcyclomatic-complexity -MMD -MP -MF"Application/User/syscalls.d" -MT"Application/User/syscalls.o" --specs=nano.specs -mfpu=fpv4-sp-d16 -mfloat-abi=hard -mthumb -o "Application/User/syscalls.o"
arm-none-eabi-gcc "../Application/User/sysmem.c" -mcpu=cortex-m4 -std=gnu11 -g3 -DDEBUG -DUSE_HAL_DRIVER -DSTM32L476xx -c -I../../Inc -I../../Drivers/STM32L4xx_HAL_Driver/Inc -I../../Drivers/STM32L4xx_HAL_Driver/Inc/Legacy -I../../Drivers/CMSIS/Device/ST/STM32L4xx/Include -I../../Drivers/CMSIS/Include -I../../Drivers/BSP/Components/ST25DV -I../../Drivers/BSP/NFC04A1 -O0 -ffunction-sections -fdata-sections -Wall -fstack-usage -fcyclomatic-complexity -MMD -MP -MF"Application/User/sysmem.d" -MT"Application/User/sysmem.o" --specs=nano.specs -mfpu=fpv4-sp-d16 -mfloat-abi=hard -mthumb -o "Application/User/sysmem.o"
arm-none-eabi-gcc -mcpu=cortex-m4 -g3 -DDEBUG -c -x assembler-with-cpp -MMD -MP -MF"Application/Startup/startup_stm32l476rgtx.d" -MT"Application/Startup/startup_stm32l476rgtx.o" --specs=nano.specs -mfpu=fpv4-sp-d16 -mfloat-abi=hard -mthumb -o "Application/Startup/startup_stm32l476rgtx.o" "../Application/Startup/startup_stm32l476rgtx.s"
arm-none-eabi-gcc -o "GPO.elf" @"objects.list"   -mcpu=cortex-m4 -T"C:\Stm\GPIO\GPO\STM32CubeIDE\STM32L476RGTX_FLASH.ld" --specs=nosys.specs -Wl,-Map="GPO.map" -Wl,--gc-sections -static --specs=nano.specs -mfpu=fpv4-sp-d16 -mfloat-abi=hard -mthumb -Wl,--start-group -lc -lm -Wl,--end-group
Finished building target: GPO.elf
 
arm-none-eabi-size   GPO.elf 
arm-none-eabi-objdump -h -S  GPO.elf  > "GPO.list"
   text	   data	    bss	    dec	    hex	filename
  16608	     80	   2720	  19408	   4bd0	GPO.elf
Finished building: default.size.stdout
 
Finished building: GPO.list
 

20:38:30 Build Finished. 0 errors, 0 warnings. (took 1s.323ms)

