12:48:46 **** Incremental Build of configuration Debug for project P2 Audio Processor ****
make -j8 all 
arm-none-eabi-gcc "../Core/Src/main.c" -mcpu=cortex-m4 -std=gnu11 -g3 -DDEBUG -DUSE_HAL_DRIVER -DSTM32L476xx -c -I../Core/Inc -I../Drivers/STM32L4xx_HAL_Driver/Inc -I../Drivers/STM32L4xx_HAL_Driver/Inc/Legacy -I../Drivers/CMSIS/Device/ST/STM32L4xx/Include -I../Drivers/CMSIS/Include -O0 -ffunction-sections -fdata-sections -Wall -fstack-usage -fcyclomatic-complexity -MMD -MP -MF"Core/Src/main.d" -MT"Core/Src/main.o" --specs=nano.specs -mfpu=fpv4-sp-d16 -mfloat-abi=hard -mthumb -o "Core/Src/main.o"
arm-none-eabi-gcc -o "P2 Audio Processor.elf" @"objects.list"   -mcpu=cortex-m4 -T"C:\Users\goneb\STM32CubeIDE\workspace_1.13.2\P2 Audio Processor\STM32L476RGTX_FLASH.ld" --specs=nosys.specs -Wl,-Map="P2 Audio Processor.map" -Wl,--gc-sections -static --specs=nano.specs -mfpu=fpv4-sp-d16 -mfloat-abi=hard -mthumb -Wl,--start-group -lc -lm -Wl,--end-group
Finished building target: P2 Audio Processor.elf
 
arm-none-eabi-size   P2\ Audio\ Processor.elf 
arm-none-eabi-objdump -h -S  P2\ Audio\ Processor.elf  > "P2 Audio Processor.list"
   text	   data	    bss	    dec	    hex	filename
  25544	    100	   6644	  32288	   7e20	P2 Audio Processor.elf
Finished building: default.size.stdout
 
Finished building: P2 Audio Processor.list
 

12:48:47 Build Finished. 0 errors, 0 warnings. (took 1s.613ms)

