08:54:15 **** Incremental Build of configuration Debug for project P2 TemperatureRelay ****
make -j24 all 
arm-none-eabi-gcc "../Core/Src/main.c" -mcpu=cortex-m4 -std=gnu11 -g3 -DDEBUG -DUSE_HAL_DRIVER -DSTM32L476xx -c -I../Core/Inc -I../Drivers/STM32L4xx_HAL_Driver/Inc -I../Drivers/STM32L4xx_HAL_Driver/Inc/Legacy -I../Drivers/CMSIS/Device/ST/STM32L4xx/Include -I../Drivers/CMSIS/Include -O0 -ffunction-sections -fdata-sections -Wall -fstack-usage -fcyclomatic-complexity -MMD -MP -MF"Core/Src/main.d" -MT"Core/Src/main.o" --specs=nano.specs -mfpu=fpv4-sp-d16 -mfloat-abi=hard -mthumb -o "Core/Src/main.o"
arm-none-eabi-gcc -o "P2 TemperatureRelay.elf" @"objects.list"   -mcpu=cortex-m4 -T"C:\Users\goneb\STM32CubeIDE\workspace_1.13.2\P2 TemperatureRelay\STM32L476RGTX_FLASH.ld" --specs=nosys.specs -Wl,-Map="P2 TemperatureRelay.map" -Wl,--gc-sections -static --specs=nano.specs -mfpu=fpv4-sp-d16 -mfloat-abi=hard -mthumb -u _printf_float -Wl,--start-group -lc -lm -Wl,--end-group
Finished building target: P2 TemperatureRelay.elf
 
arm-none-eabi-size   P2\ TemperatureRelay.elf 
arm-none-eabi-objdump -h -S  P2\ TemperatureRelay.elf  > "P2 TemperatureRelay.list"
   text	   data	    bss	    dec	    hex	filename
  29528	    496	   2040	  32064	   7d40	P2 TemperatureRelay.elf
Finished building: default.size.stdout
 
Finished building: P2 TemperatureRelay.list
 

08:54:15 Build Finished. 0 errors, 0 warnings. (took 659ms)

