14:42:31 **** Incremental Build of configuration Debug for project TemperatureRelay ****
make -j8 all 
arm-none-eabi-gcc "../Core/Src/main.c" -mcpu=cortex-m4 -std=gnu11 -g3 -DDEBUG -DUSE_HAL_DRIVER -DSTM32L476xx -c -I../Core/Inc -I../Drivers/STM32L4xx_HAL_Driver/Inc -I../Drivers/STM32L4xx_HAL_Driver/Inc/Legacy -I../Drivers/CMSIS/Device/ST/STM32L4xx/Include -I../Drivers/CMSIS/Include -O0 -ffunction-sections -fdata-sections -Wall -fstack-usage -fcyclomatic-complexity -MMD -MP -MF"Core/Src/main.d" -MT"Core/Src/main.o" --specs=nano.specs -mfpu=fpv4-sp-d16 -mfloat-abi=hard -mthumb -o "Core/Src/main.o"
arm-none-eabi-gcc -o "TemperatureRelay.elf" @"objects.list"   -mcpu=cortex-m4 -T"C:\stm32\CPE_316\TemperatureRelay\STM32L476RGTX_FLASH.ld" --specs=nosys.specs -Wl,-Map="TemperatureRelay.map" -Wl,--gc-sections -static --specs=nano.specs -mfpu=fpv4-sp-d16 -mfloat-abi=hard -mthumb -u _printf_float -Wl,--start-group -lc -lm -Wl,--end-group
Finished building target: TemperatureRelay.elf
 
arm-none-eabi-size   TemperatureRelay.elf 
arm-none-eabi-objdump -h -S  TemperatureRelay.elf  > "TemperatureRelay.list"
   text	   data	    bss	    dec	    hex	filename
  33088	    496	   2144	  35728	   8b90	TemperatureRelay.elf
Finished building: default.size.stdout
 
Finished building: TemperatureRelay.list
 

14:42:32 Build Finished. 0 errors, 0 warnings. (took 1s.789ms)

